[roexec.com/index.html]
[backblue.gif]
[fade.gif]
[index.html]
[roexec.com/wp-includes/css/dist/block-library/style.minef10.css]
[roexec.com/wp-includes/js/mediaelement/mediaelementplayer-legacy.min1f61.css]
[roexec.com/wp-includes/js/mediaelement/wp-mediaelement.minef10.css]
[roexec.com/wp-content/plugins/turn-rank-math-faq-block-to-accordion/assets/css/style.minf488.css]
[roexec.com/wp-content/themes/generatepress/assets/css/components/widget-areas.min6b00.css]
[roexec.com/wp-content/themes/generatepress/assets/css/main.min6b00.css]
[roexec.com/wp-content/uploads/generateblocks/style-113dd4.css]
[roexec.com/wp-includes/js/jquery/jquery.minf43b.js]
[roexec.com/wp-includes/js/jquery/jquery-migrate.min5589.js]
[roexec.com/feed/index.html]
[roexec.com/comments/feed/index.html]
[roexec.com/wp-json/wp/v2/pages/11.json]
[roexec.com/xmlrpc0db0.php]
[roexec.com/wp-json/index.html]
[roexec.com/wp-json/oembed/1.0/embedaa8a.json]
[roexec.com/wp-json/oembed/1.0/embed137b]
[pagead2.googlesyndication.com/pagead/js/f0b99.txt]
[roexec.com/wp-content/uploads/2024/02/RO-EXEC-Icon.webp]
[roexec.com/wp-content/uploads/2024/02/RO-EXEC-screenshot-bg-1024x1024.webp]
[roexec.com/download/index.html]
[roexec.com/wp-content/uploads/2024/02/RO-EXEC-PC-Executor.webp]
[roexec.com/guide/index.html]
[roexec.com/wp-content/uploads/2024/02/Roexec-License.webp]
[roexec.com/wp-content/uploads/2024/02/Upgrade-Roexec.webp]
[roexec.com/wp-content/uploads/2024/02/Roexec-Dashboard.webp]
[roexec.com/wp-content/uploads/2024/02/Roexex-extracted-folder.webp]
[roexec.com/about/index.html]
[roexec.com/wp-content/uploads/2024/02/Roexec-script.webp]
[roexec.com/roexec-license-key-free/index.html]
[roexec.com/wp-content/plugins/table-of-contents-plus/screen.min480c.css]
[roexec.com/wp-content/plugins/seo-by-rank-math/assets/front/css/rank-math-snippet62f5.css]
[roexec.com/wp-content/plugins/surbma-smooth-scroll/js/jquery.scrollTo.min431f.js]
[roexec.com/wp-content/plugins/surbma-smooth-scroll/js/jquery.localScroll.min001e.js]
[roexec.com/wp-content/plugins/surbma-smooth-scroll/js/surbma-smooth-scroll62ea.js]
[roexec.com/wp-content/plugins/turn-rank-math-faq-block-to-accordion/assets/js/RMFA-JS.minf488.js]
[roexec.com/wp-content/themes/generatepress/assets/js/menu.min6b00.js]
[roexec.com/download-play-roblox-games/index.html]
[stats.wp.com/e-202420.js]
[roexec.com/index.html]
[roexec.com/wp-includes/css/dist/block-library/style.minef10.css]
[roexec.com/wp-content/plugins/table-of-contents-plus/front.min480c.js]
[roexec.com/pc-roblox-executors/index.html]
[roexec.com/roexec-krampus-crashing-issue-fix/index.html]
[roexec.com/roexec-update-guide/index.html]
[roexec.com/roexec-version-mismatch-error-fix/index.html]
[roexec.com/wp-includes/js/mediaelement/mediaelementplayer-legacy.min1f61.css]
[roexec.com/wp-includes/js/mediaelement/mejs-controls.svg]
[roexec.com/wp-includes/js/mediaelement/wp-mediaelement.minef10.css]
[roexec.com/wp-content/plugins/turn-rank-math-faq-block-to-accordion/assets/css/style.minf488.css]
[roexec.com/wp-content/themes/generatepress/assets/css/components/widget-areas.min6b00.css]
[roexec.com/wp-content/themes/generatepress/assets/css/main.min6b00.css]
[roexec.com/wp-content/uploads/generateblocks/style-113dd4.css]
[roexec.com/contact/index.html]
[roexec.com/disclaimer/index.html]
[roexec.com/privacy-policy/index.html]
[roexec.com/wp-content/uploads/generateblocks/style-1312d1d.css]
[roexec.com/wp-json/wp/v2/pages/131.json]
[roexec.com/wp-json/oembed/1.0/embedbf4c.json]
[roexec.com/download/index.html]
[roexec.com/wp-json/oembed/1.0/embedff4d]
[roexec.com/wp-content/plugins/gp-premium/blog/functions/css/featured-images.min8d5a.css]
[roexec.com/guide/index.html]
[roexec.com/wp-json/wp/v2/categories/12.json]
[roexec.com/guide/feed/index.html]
[roexec.com/author/roixemos/index.html]
[roexec.com/wp-json/wp/v2/pages/22.json]
[roexec.com/wp-json/oembed/1.0/embed9f0a.json]
[roexec.com/wp-json/oembed/1.0/embed6872]
[roexec.com/cdn-cgi/l/email-protection.html]
[roexec.com/about/index.html]
[roexec.com/cdn-cgi/scripts/5c5dd728/cloudflare-static/email-decode.min.js]
[roexec.com/wp-content/themes/generatepress/assets/css/components/comments.min6b00.css]
[roexec.com/roexec-license-key-free/feed/index.html]
[roexec.com/wp-json/wp/v2/posts/42.json]
[roexec.com/wp-json/oembed/1.0/embede571.json]
[roexec.com/wp-json/oembed/1.0/embed0203]
[roexec.com/roexec-license-key-free/index.html]
[roexec.com/wp-includes/js/comment-reply.minef10.js]
[roexec.com/wp-content/uploads/2024/03/Download-Play-Roblox.webp]
[roexec.com/download-play-roblox-games/feed/index.html]
[roexec.com/wp-json/wp/v2/posts/211.json]
[roexec.com/wp-json/oembed/1.0/embed20e2.json]
[roexec.com/wp-json/oembed/1.0/embed5af8]
[roexec.com/wp-content/uploads/2024/03/Sign-Up-Roblox.webp]
[roexec.com/wp-content/uploads/2024/03/Download-Windows-App-1024x506.webp]
[roexec.com/wp-content/uploads/2024/03/Install-your-Computer-1024x639.webp]
[roexec.com/wp-content/uploads/2024/03/Login-roblox.webp]
[roexec.com/wp-content/uploads/2024/03/Roblox-platform-1024x536.webp]
[roexec.com/wp-content/uploads/2024/03/Pubg-Simulator-1024x608.webp]
[roexec.com/wp-content/uploads/2024/03/customize-your-avatars--1024x578.webp]
[roexec.com/wp-content/uploads/2024/03/Roblox-more-games-1024x536.webp]
[roexec.com/download-play-roblox-games/index.html]
[roexec.com/wp-content/uploads/2024/03/PC-Roblox-Executors-1024x591.webp]
[roexec.com/pc-roblox-executors/feed/index.html]
[roexec.com/wp-json/wp/v2/posts/238.json]
[roexec.com/wp-json/oembed/1.0/embeda7e0.json]
[roexec.com/wp-json/oembed/1.0/embed0b99]
[roexec.com/wp-content/uploads/2024/03/Roexec.webp]
[roexec.com/wp-content/uploads/2024/03/Arceus-X-1024x591.webp]
[roexec.com/wp-content/uploads/2024/03/Codex-Executor-1024x594.webp]
[roexec.com/wp-content/uploads/2024/03/Delta-Executor-1024x662.webp]
[roexec.com/wp-content/uploads/2024/03/Synapse-X-1024x611.webp]
[roexec.com/wp-content/uploads/2024/03/Krnl-1024x526.webp]
[roexec.com/wp-content/uploads/2024/03/JJSploit-1024x638.webp]
[roexec.com/wp-content/uploads/2024/03/Sentinel--1024x525.webp]
[roexec.com/wp-content/uploads/2024/03/Script-Ware-.webp]
[roexec.com/wp-content/uploads/2024/03/Evon-1024x564.webp]
[roexec.com/pc-roblox-executors/index.html]
[roexec.com/wp-content/uploads/2024/03/onrt.jpg]
[roexec.com/wp-json/wp/v2/posts/191.json]
[roexec.com/roexec-krampus-crashing-issue-fix/feed/index.html]
[roexec.com/wp-json/oembed/1.0/embedfe4f.json]
[roexec.com/wp-json/oembed/1.0/embedfb68]
[roexec.com/wp-content/uploads/2024/03/Program.jpg]
[roexec.com/roexec-krampus-crashing-issue-fix/index.html]
[roexec.com/wp-content/uploads/2024/03/Roexec-Delte.jpg]
[roexec.com/wp-json/wp/v2/posts/182.json]
[roexec.com/roexec-update-guide/feed/index.html]
[roexec.com/wp-json/oembed/1.0/embed9084.json]
[roexec.com/wp-json/oembed/1.0/embedd5f4]
[roexec.com/wp-content/uploads/2024/03/Roexec-Do.jpg]
[roexec.com/wp-content/uploads/2024/03/Extract.jpg]
[roexec.com/wp-content/uploads/2024/03/Roexec-Ins.jpg]
[roexec.com/wp-content/uploads/2024/03/Roexec-Ex.jpg]
[roexec.com/roexec-update-guide/index.html]
[roexec.com/wp-content/uploads/2024/03/Roexec-mismatch.jpg]
[roexec.com/wp-json/wp/v2/posts/175.json]
[roexec.com/roexec-version-mismatch-error-fix/feed/index.html]
[roexec.com/wp-json/oembed/1.0/embed7c08.json]
[roexec.com/wp-json/oembed/1.0/embeddd2c]
[roexec.com/wp-content/uploads/2024/03/SAVE.jpg]
[roexec.com/wp-content/uploads/2024/03/Succ.jpg]
[roexec.com/roexec-version-mismatch-error-fix/index.html]
[roexec.com/wp-json/wp/v2/pages/3.json]
[roexec.com/privacy-policy/feed/index.html]
[roexec.com/wp-json/oembed/1.0/embed65f9.json]
[roexec.com/privacy-policy/index.html]
[roexec.com/wp-json/oembed/1.0/embedc6ec]
[roexec.com/wp-content/uploads/generateblocks/style-1861c8.css]
[roexec.com/wp-json/wp/v2/pages/18.json]
[roexec.com/wp-json/oembed/1.0/embedf1f0.json]
[roexec.com/wp-json/oembed/1.0/embed501a]
[roexec.com/wp-content/plugins/jetpack/jetpack_vendor/automattic/jetpack-forms/dist/contact-form/css/grunion96bb.css]
[roexec.com/wp-includes/js/dist/vendor/wp-polyfill-inert.min0226.js]
[roexec.com/wp-includes/js/dist/vendor/regenerator-runtime.min6c85.js]
[roexec.com/wp-includes/js/dist/vendor/wp-polyfill.min2c7c.js]
[roexec.com/wp-includes/js/dist/hooks.min2757.js]
[roexec.com/wp-includes/js/dist/i18n.minc33c.js]
[roexec.com/wp-content/plugins/jetpack/jetpack_vendor/automattic/jetpack-forms/dist/blocks/view2a12.js]
[roexec.com/contact/index.html]
[roexec.com/wp-content/plugins/jetpack/jetpack_vendor/automattic/jetpack-forms/dist/contact-form/js/accessible-formc12a.js]
[roexec.com/wp-json/wp/v2/pages/20.json]
[roexec.com/wp-json/oembed/1.0/embed11e5.json]
[roexec.com/disclaimer/index.html]
[roexec.com/wp-content/plugins/table-of-contents-plus/screen.min480c.css]
[roexec.com/wp-content/plugins/seo-by-rank-math/assets/front/css/rank-math-snippet62f5.css]
[roexec.com/wp-includes/js/mediaelement/mejs-controls.svg]
[roexec.com/wp-content/uploads/generateblocks/style-1312d1d.css]
[roexec.com/indexd52d.html]
[roexec.com/wp-content/plugins/gp-premium/blog/functions/css/featured-images.min8d5a.css]
[roexec.com/wp-json/oembed/1.0/embede734]
[roexec.com/author/roixemos/index.html]
[roexec.com/index0345.html]
[roexec.com/cdn-cgi/l/email-protection.html]
[roexec.com/wp-content/themes/generatepress/assets/css/components/comments.min6b00.css]
[roexec.com/indexfbd5.html]
[roexec.com/xmlrpc.php]
[roexec.com/index0114.html]
[roexec.com/index3dc6.html]
[roexec.com/indexbbbf.html]
[roexec.com/index7b17.html]
[roexec.com/indexa09e.html]
[roexec.com/index2207.html]
[roexec.com/wp-content/uploads/generateblocks/style-1861c8.css]
[roexec.com/index0735.html]
[roexec.com/wp-content/plugins/jetpack/jetpack_vendor/automattic/jetpack-forms/dist/contact-form/css/grunion96bb.css]
[roexec.com/index341b.html]
[roexec.com/wp-json/wp/v2/users/1.json]
[roexec.com/author/roixemos/feed/index.html]
